*design* DebussyLib (btIdent Verdi_O-2018.09-SP2)
Command arguments:
    +define+verilog
    /home/sjp/Desktop/ICP2_verify/ICP2_verify/top_tb/tb/uvm_tb/top_tb.sv
    -sv


*Error* failed to find the package 'common'.
"/home/sjp/Desktop/ICP2_verify/ICP2_verify/top_tb/tb/uvm_tb/top_tb.sv", 2: 

*Error* failed to find the package 'uvm_pkg'.
"/home/sjp/Desktop/ICP2_verify/ICP2_verify/top_tb/tb/uvm_tb/top_tb.sv", 3: 
Highest level modules:
top_tb


*Error* failed to find identifier WB_IF.mem_wb_reg
"/home/sjp/Desktop/ICP2_verify/ICP2_verify/top_tb/tb/uvm_tb/top_tb.sv", 23: 

*Error* failed to find identifier DUT.mem_wb_reg
"/home/sjp/Desktop/ICP2_verify/ICP2_verify/top_tb/tb/uvm_tb/top_tb.sv", 23: 

*Error* failed to find identifier uvm_config_db(mem_if)::set
"/home/sjp/Desktop/ICP2_verify/ICP2_verify/top_tb/tb/uvm_tb/top_tb.sv", 27: 

*Error* failed to find identifier uvm_config_db(wb_if)::set
"/home/sjp/Desktop/ICP2_verify/ICP2_verify/top_tb/tb/uvm_tb/top_tb.sv", 28: 

*Error* failed to find identifier run_test
"/home/sjp/Desktop/ICP2_verify/ICP2_verify/top_tb/tb/uvm_tb/top_tb.sv", 29: 

*Error* view wb_if is not defined for instance WB_IF
"/home/sjp/Desktop/ICP2_verify/ICP2_verify/top_tb/tb/uvm_tb/top_tb.sv", 8: 

*Error* view mem_if is not defined for instance MEM_IF
"/home/sjp/Desktop/ICP2_verify/ICP2_verify/top_tb/tb/uvm_tb/top_tb.sv", 9: 

*Error* view cpu is not defined for instance DUT
"/home/sjp/Desktop/ICP2_verify/ICP2_verify/top_tb/tb/uvm_tb/top_tb.sv", 12: 
Total	10 error(s),   0 warning(s)
